cargo :    Compiling tf-fluids v0.1.0 (D:\Code\thermoflow\crates\tf-fluids)
At line:1 char:1
+ cargo test --lib -p tf-fluids > test_output.log 2>&1; Write-Host "Tes ...
+ ~~~~~~~~~~~~~~~~~~~~~~~~~~~~~~~~~~~~~~~~~~~~~~~~~~~~
    + CategoryInfo          : NotSpecified: (   Compiling tf...ates\tf-fluids) 
   :String) [], RemoteException
    + FullyQualifiedErrorId : NativeCommandError
 
error[E0689]: can't call method `sqrt` on ambiguous numeric type `{float}`
   --> crates\tf-fluids\src\sweeps.rs:186:42
    |
186 |         assert!((points[1] - (1e5 * 1e6).sqrt()).abs() / (1e5 * 
1e6).sqrt() < 1e-6);
    |                                          ^^^^

error[E0689]: can't call method `sqrt` on ambiguous numeric type `{float}`
   --> crates\tf-fluids\src\sweeps.rs:186:70
    |
186 |         assert!((points[1] - (1e5 * 1e6).sqrt()).abs() / (1e5 * 
1e6).sqrt() < 1e-6);
    |                                                                      ^^^^

error[E0061]: this function takes 0 arguments but 1 argument was supplied
   --> crates\tf-fluids\src\units.rs:510:20
    |
510 |         assert_eq!(parse_density("1000 kg/m^3").unwrap(), 1000.0);
    |                    ^^^^^^^^^^^^^ ------------- unexpected argument of 
type `&'static str`
    |
note: function defined here
   --> crates\tf-fluids\src\units.rs:509:8
    |
509 |     fn parse_density() {
    |        ^^^^^^^^^^^^^
help: remove the extra argument
    |
510 -         assert_eq!(parse_density("1000 kg/m^3").unwrap(), 1000.0);
510 +         assert_eq!(parse_density().unwrap(), 1000.0);
    |

error[E0599]: no method named `unwrap` found for unit type `()` in the current 
scope
   --> crates\tf-fluids\src\units.rs:510:49
    |
510 |         assert_eq!(parse_density("1000 kg/m^3").unwrap(), 1000.0);
    |                                                 ^^^^^^ method not found 
in `()`

error[E0061]: this function takes 0 arguments but 1 argument was supplied
   --> crates\tf-fluids\src\units.rs:511:21
    |
511 |         let g_cm3 = parse_density("1 g/cm^3").unwrap();
    |                     ^^^^^^^^^^^^^ ---------- unexpected argument of type 
`&'static str`
    |
note: function defined here
   --> crates\tf-fluids\src\units.rs:509:8
    |
509 |     fn parse_density() {
    |        ^^^^^^^^^^^^^
help: remove the extra argument
    |
511 -         let g_cm3 = parse_density("1 g/cm^3").unwrap();
511 +         let g_cm3 = parse_density().unwrap();
    |

error[E0599]: no method named `unwrap` found for unit type `()` in the current 
scope
   --> crates\tf-fluids\src\units.rs:511:47
    |
511 |         let g_cm3 = parse_density("1 g/cm^3").unwrap();
    |                                               ^^^^^^ method not found in 
`()`

error[E0061]: this function takes 0 arguments but 1 argument was supplied
   --> crates\tf-fluids\src\units.rs:517:20
    |
517 |         assert_eq!(parse_quality("0.5").unwrap(), 0.5);
    |                    ^^^^^^^^^^^^^ ----- unexpected argument of type 
`&'static str`
    |
note: function defined here
   --> crates\tf-fluids\src\units.rs:516:8
    |
516 |     fn parse_quality() {
    |        ^^^^^^^^^^^^^
help: remove the extra argument
    |
517 -         assert_eq!(parse_quality("0.5").unwrap(), 0.5);
517 +         assert_eq!(parse_quality().unwrap(), 0.5);
    |

error[E0599]: no method named `unwrap` found for unit type `()` in the current 
scope
   --> crates\tf-fluids\src\units.rs:517:41
    |
517 |         assert_eq!(parse_quality("0.5").unwrap(), 0.5);
    |                                         ^^^^^^ method not found in `()`

error[E0061]: this function takes 0 arguments but 1 argument was supplied
   --> crates\tf-fluids\src\units.rs:518:20
    |
518 |         assert_eq!(parse_quality("50%").unwrap(), 0.5);
    |                    ^^^^^^^^^^^^^ ----- unexpected argument of type 
`&'static str`
    |
note: function defined here
   --> crates\tf-fluids\src\units.rs:516:8
    |
516 |     fn parse_quality() {
    |        ^^^^^^^^^^^^^
help: remove the extra argument
    |
518 -         assert_eq!(parse_quality("50%").unwrap(), 0.5);
518 +         assert_eq!(parse_quality().unwrap(), 0.5);
    |

error[E0599]: no method named `unwrap` found for unit type `()` in the current 
scope
   --> crates\tf-fluids\src\units.rs:518:41
    |
518 |         assert_eq!(parse_quality("50%").unwrap(), 0.5);
    |                                         ^^^^^^ method not found in `()`

error[E0061]: this function takes 0 arguments but 1 argument was supplied
   --> crates\tf-fluids\src\units.rs:519:17
    |
519 |         assert!(parse_quality("1.5").is_err());
    |                 ^^^^^^^^^^^^^ ----- unexpected argument of type 
`&'static str`
    |
note: function defined here
   --> crates\tf-fluids\src\units.rs:516:8
    |
516 |     fn parse_quality() {
    |        ^^^^^^^^^^^^^
help: remove the extra argument
    |
519 -         assert!(parse_quality("1.5").is_err());
519 +         assert!(parse_quality().is_err());
    |

error[E0599]: no method named `is_err` found for unit type `()` in the current 
scope
   --> crates\tf-fluids\src\units.rs:519:38
    |
519 |         assert!(parse_quality("1.5").is_err());
    |                                      ^^^^^^ method not found in `()`

error[E0061]: this function takes 0 arguments but 1 argument was supplied
   --> crates\tf-fluids\src\units.rs:524:20
    |
524 |         assert_eq!(parse_dimensionless("0.75").unwrap(), 0.75);
    |                    ^^^^^^^^^^^^^^^^^^^ ------ unexpected argument of 
type `&'static str`
    |
note: function defined here
   --> crates\tf-fluids\src\units.rs:523:8
    |
523 |     fn parse_dimensionless() {
    |        ^^^^^^^^^^^^^^^^^^^
help: remove the extra argument
    |
524 -         assert_eq!(parse_dimensionless("0.75").unwrap(), 0.75);
524 +         assert_eq!(parse_dimensionless().unwrap(), 0.75);
    |

error[E0599]: no method named `unwrap` found for unit type `()` in the current 
scope
   --> crates\tf-fluids\src\units.rs:524:48
    |
524 |         assert_eq!(parse_dimensionless("0.75").unwrap(), 0.75);
    |                                                ^^^^^^ method not found 
in `()`

error[E0061]: this function takes 0 arguments but 1 argument was supplied
   --> crates\tf-fluids\src\units.rs:525:20
    |
525 |         assert_eq!(parse_dimensionless("75%").unwrap(), 0.75);
    |                    ^^^^^^^^^^^^^^^^^^^ ----- unexpected argument of type 
`&'static str`
    |
note: function defined here
   --> crates\tf-fluids\src\units.rs:523:8
    |
523 |     fn parse_dimensionless() {
    |        ^^^^^^^^^^^^^^^^^^^
help: remove the extra argument
    |
525 -         assert_eq!(parse_dimensionless("75%").unwrap(), 0.75);
525 +         assert_eq!(parse_dimensionless().unwrap(), 0.75);
    |

error[E0599]: no method named `unwrap` found for unit type `()` in the current 
scope
   --> crates\tf-fluids\src\units.rs:525:47
    |
525 |         assert_eq!(parse_dimensionless("75%").unwrap(), 0.75);
    |                                               ^^^^^^ method not found in 
`()`

Some errors have detailed explanations: E0061, E0599, E0689.
For more information about an error, try `rustc --explain E0061`.
error: could not compile `tf-fluids` (lib test) due to 16 previous errors
